// Vitest Snapshot v1

exports[`<Button /> > should match snapshot 1`] = `
.c0 {
  border: none;
  background-color: transparent;
  cursor: pointer;
}

<button
  class="c0"
>
  Clique Aqui
</button>
`;
