// Vitest Snapshot v1

exports[`<Section3 /> > should render 1`] = `
.c2 {
  background-color: #1b1b1b;
  padding: 30px 60px;
  height: 100vh;
}

.c4 {
  max-width: 1100px;
  margin: 0 auto;
  height: 100%;
  display: -webkit-box;
  display: -webkit-flex;
  display: -ms-flexbox;
  display: flex;
  -webkit-flex-direction: column;
  -ms-flex-direction: column;
  flex-direction: column;
  -webkit-box-pack: center;
  -webkit-justify-content: center;
  -ms-flex-pack: center;
  justify-content: center;
}

.c6 {
  color: #FFFFFF;
  font-size: 4.7rem;
  font-weight: 400;
}

.c9 {
  color: #FFFFFF;
  font-weight: 400;
}

.c10 {
  color: #FFFFFF;
  font-size: 1.6rem;
  font-weight: 400;
}

.c11 {
  color: #FFFFFF;
  font-size: 1.4rem;
  line-height: 30px;
}

.c0 .c3 {
  -webkit-flex-direction: row;
  -ms-flex-direction: row;
  flex-direction: row;
  -webkit-box-pack: justify;
  -webkit-justify-content: space-between;
  -ms-flex-pack: justify;
  justify-content: space-between;
  -webkit-align-items: center;
  -webkit-box-align: center;
  -ms-flex-align: center;
  align-items: center;
  gap: 20px;
}

.c5 {
  background-color: rgba(255,255,255,0.2);
  -webkit-flex: 0 1 500px;
  -ms-flex: 0 1 500px;
  flex: 0 1 500px;
  padding: 50px;
  -webkit-transition: all 300ms ease-in-out;
  transition: all 300ms ease-in-out;
  border-radius: 5px;
}

.c5:hover {
  background-color: #c32865;
}

.c8 {
  padding: 20px 0;
}

.c7 + .c7 {
  border-top: 1px solid #FFFFFF;
}

.c12 {
  background-color: rgba(255,255,255,0.2);
  -webkit-flex: 0 1 500px;
  -ms-flex: 0 1 500px;
  flex: 0 1 500px;
  padding: 50px;
  -webkit-transition: all 300ms ease-in-out;
  transition: all 300ms ease-in-out;
  border-radius: 5px;
}

.c12:hover {
  background-color: #c32865;
}

.c14 {
  padding: 20px 0;
}

.c13 + .c13 {
  border-top: 1px solid #FFFFFF;
}

@media (max-width:768px) {
  .c2 {
    padding: 20px;
  }
}

@media (max-width:768px) {
  .c0 .c3 {
    -webkit-flex-direction: column;
    -ms-flex-direction: column;
    flex-direction: column;
    -webkit-align-items: stretch;
    -webkit-box-align: stretch;
    -ms-flex-align: stretch;
    align-items: stretch;
  }
}

@media (max-width:768px) {
  .c0 .c1 {
    height: auto;
  }
}

@media (max-width:768px) {
  .c5 {
    -webkit-flex: 0 1 100%;
    -ms-flex: 0 1 100%;
    flex: 0 1 100%;
  }
}

@media (max-width:768px) {
  .c12 {
    -webkit-flex: 0 1 auto;
    -ms-flex: 0 1 auto;
    flex: 0 1 auto;
  }
}

<div>
  <section
    class="c0"
    id="ed_exp"
  >
    <div
      class="c1 c2"
    >
      <div
        class="c3 c4"
      >
        <div
          class="c5"
        >
          <h2
            class="c6"
          >
            Educação
          </h2>
          <div
            class="c7 c8"
          >
            <h3
              class="c9"
            >
              FORMAÇÃO ACADÊMICA
            </h3>
            <h4
              class="c10"
            >
              Unicesumar, Maringá-PR / Out/2017 - Ago/2020
            </h4>
            <p
              class="c11"
            >
              Curso Superior de Tecnologia (CST) em Análise de Sistemas de Computação
            </p>
          </div>
          <div
            class="c7 c8"
          >
            <h3
              class="c9"
            >
              LICENÇAS E CERTIFICADOS
            </h3>
            <h4
              class="c10"
            >
              Udemy
            </h4>
            <p
              class="c11"
            >
              Web Design Completo (HTML, CSS e Javascript)
            </p>
          </div>
        </div>
        <div
          class="c12"
        >
          <h2
            class="c6"
          >
            Experiências
          </h2>
          <div
            class="c13 c14"
          >
            <h4
              class="c10"
            >
              Vip Sistemas, Maringá-PR / Jul/2018 - Dez/2019
            </h4>
            <p
              class="c11"
            >
              Realizava a função de suporte de sistemas de TI, onde trabalhava com a manutenção de servidores (Locais e em nuvem) e banco de dados.
            </p>
          </div>
        </div>
      </div>
    </div>
  </section>
</div>
`;
