// Vitest Snapshot v1

exports[`<Text /> > should match snapshot 1`] = `
.c0 {
  color: #FFFFFF;
  font-size: 1.6rem;
  line-height: 30px;
}

<p
  class="c0"
>
  Testing
</p>
`;
