// Vitest Snapshot v1

exports[`<Section1 /> > should match snapshot 1`] = `
.c1 {
  background-color: #1b1b1b;
  padding: 30px 60px;
  height: 100vh;
}

.c2 {
  max-width: 1100px;
  margin: 0 auto;
  height: 100%;
  display: -webkit-box;
  display: -webkit-flex;
  display: -ms-flexbox;
  display: flex;
  -webkit-flex-direction: column;
  -ms-flex-direction: column;
  flex-direction: column;
  -webkit-box-pack: center;
  -webkit-justify-content: center;
  -ms-flex-pack: center;
  justify-content: center;
}

.c4 {
  color: #FFFFFF;
  font-size: 9.2rem;
  font-weight: 500;
}

.c6 {
  color: #FFFFFF;
  font-size: 2.2rem;
  line-height: 30px;
}

@media (max-width:768px) {
  .c1 {
    padding: 20px;
  }
}

@media (max-width:768px) {
  .c0 .c3 {
    font-size: 8.0rem;
  }

  .c0 .c5 {
    font-size: 1.6rem;
  }
}

<div>
  <div
    class="c0"
    id="home"
  >
    <div
      class="c1"
    >
      <div
        class="c2"
      >
        <h1
          class="c3 c4"
        />
        <p
          class="c5 c6"
        >
          DESENVOLVEDOR FRONT-END
        </p>
      </div>
    </div>
  </div>
</div>
`;
