// Vitest Snapshot v1

exports[`<DataContainer /> > should match snapshot 1`] = `
.c0 {
  max-width: 1100px;
  margin: 0 auto;
  height: 100%;
  display: -webkit-box;
  display: -webkit-flex;
  display: -ms-flexbox;
  display: flex;
  -webkit-flex-direction: column;
  -ms-flex-direction: column;
  flex-direction: column;
  -webkit-box-pack: center;
  -webkit-justify-content: center;
  -ms-flex-pack: center;
  justify-content: center;
}

<div
  class="c0"
>
  Children goes here
</div>
`;
